[ T - D e p o s i t ]
   title = Energy deposition in xyz mesh
    mesh =  xyz            # mesh type is xyz scoring mesh
  x-type =    2            # x-mesh is linear given by xmin, xmax and nx
    xmin =  -1.0
    xmax =   1.0
      nx =    2
  y-type =    2
    ymin =  -1.0
    ymax =   1.0
      ny =    2
  z-type =    2
    zmin =   0.0
    zmax =   2.0
      nz =    2
    unit =    0            # unit is [Gy/source]
  2D-type =    3
    axis =   xy            # axis of output
    file = dep-photon.out     # file name of output for the above axis
material =  all
   output =  dose          # only heat is written

#------------------------------------------------------------------------------
#newpage:
# no. = 1  iz = 1
x: x [cm]
y: y [cm]
p: xlin ylog afac(0.8) form(0.9)
h: x n n y n y(all),hh0l n
# x-lower      x-upper      y-lower      y-upper      all
 -1.0000E+00   0.0000E+00  -1.0000E+00   0.0000E+00   1.0000E-04
  0.0000E+00   1.0000E+00  -1.0000E+00   0.0000E+00   1.1000E-04
 -1.0000E+00   0.0000E+00   0.0000E+00   1.0000E+00   1.2000E-04
  0.0000E+00   1.0000E+00   0.0000E+00   1.0000E+00   1.3000E-04

#------------------------------------------------------------------------------
#newpage:
# no. = 2  iz = 2
x: x [cm]
y: y [cm]
p: xlin ylog afac(0.8) form(0.9)
h: x n n y n y(all),hh0l n
# x-lower      x-upper      y-lower      y-upper      all
 -1.0000E+00   0.0000E+00  -1.0000E+00   0.0000E+00   1.4000E-04
  0.0000E+00   1.0000E+00  -1.0000E+00   0.0000E+00   1.5000E-04
 -1.0000E+00   0.0000E+00   0.0000E+00   1.0000E+00   1.6000E-04
  0.0000E+00   1.0000E+00   0.0000E+00   1.0000E+00   1.7000E-04
